// Jest Snapshot v1, https://goo.gl/fbAQLP

exports[`lights reducer test suite should return initial state 1`] = `
Object {
  "backLightsState": "ON",
  "cabinLights": "ON",
  "frontLightsState": "ON",
  "wagonsLights": "ON",
}
`;
